<?xml version="1.0" encoding="utf-8"?><testsuites name="pytest tests"><testsuite name="pytest" errors="0" failures="0" skipped="0" tests="28" time="104.385" timestamp="2026-09-15T02:28:43.396363+02:00" hostname="localhost"><testcase classname="tests.test_audit" name="test_outbox_retry_and_duplicate_delivery" time="5.399" /><testcase classname="tests.test_audit" name="test_large_event_and_partial_delivery_manifest" time="0.187" /><testcase classname="tests.test_audit" name="test_model_transaction_rollback_removes_audit_and_outbox" time="4.765" /><testcase classname="tests.test_audit" name="test_frontend_calculation_result_reaches_dynamodb" time="7.223" /><testcase classname="tests.test_calculation_api" name="test_canonical_openapi_document_is_served" time="6.177" /><testcase classname="tests.test_calculation_api" name="test_frontend_immutable_core_independent_and_chained_variations" time="13.838" /><testcase classname="tests.test_calculation_api" name="test_edit_preview_publish_custom_function_and_pin_versions" time="14.846" /><testcase classname="tests.test_calculation_api" name="test_invalid_core_or_calculation_does_not_commit_partial_results" time="10.005" /><testcase classname="tests.test_calculation_api" name="test_frozen_snapshot_never_shares_nested_mutable_values" time="0.001" /><testcase classname="tests.test_calculation_api" name="test_edit_core_function_and_config_only_changes_new_core_models" time="10.088" /><testcase classname="tests.test_calculation_api" name="test_concurrent_edit_has_one_winner" time="8.823" /><testcase classname="tests.test_calculation_api" name="test_100_policies_use_batched_function_queries" time="7.205" /><testcase classname="tests.test_calculation_api" name="test_custom_function_can_compose_a_pinned_sql_release" time="6.983" /><testcase classname="tests.test_connector" name="test_sql_function_is_evaluated_and_replaced" time="0.623" /><testcase classname="tests.test_connector" name="test_dependency_sql_function_and_lookup_table" time="0.724" /><testcase classname="tests.test_connector" name="test_null_decimal_and_string_handling" time="0.621" /><testcase classname="tests.test_connector" name="test_qmark_binding" time="0.522" /><testcase classname="tests.test_connector" name="test_transaction_isolation_and_rollback" time="0.822" /><testcase classname="tests.test_connector" name="test_database_schema_and_qualified_calls" time="0.724" /><testcase classname="tests.test_connector" name="test_persistent_database_function_and_data" time="0.859" /><testcase classname="tests.test_connector" name="test_unsupported_features_return_connector_errors[CREATE FUNCTION BAD(x INTEGER) RETURNS INTEGER LANGUAGE PYTHON AS $$ x $$]" time="0.422" /><testcase classname="tests.test_connector" name="test_unsupported_features_return_connector_errors[CREATE FUNCTION BAD(x INTEGER) RETURNS TABLE(y INTEGER) LANGUAGE SQL AS $$ SELECT x $$]" time="0.421" /><testcase classname="tests.test_connector" name="test_unsupported_features_return_connector_errors[CREATE PROCEDURE BAD() RETURNS INTEGER LANGUAGE SQL AS $$ BEGIN RETURN 1; END $$]" time="0.422" /><testcase classname="tests.test_connector" name="test_unsupported_features_return_connector_errors[SELECT DOES_NOT_EXIST(1)]" time="0.419" /><testcase classname="tests.test_connector" name="test_unsupported_features_return_connector_errors[SELECT 1; SELECT 2]" time="0.420" /><testcase classname="tests.test_connector" name="test_unsupported_features_return_connector_errors[ATTACH '/tmp/outside.duckdb' AS OTHER]" time="0.429" /><testcase classname="tests.test_connector" name="test_concurrent_clients_share_functions" time="0.728" /><testcase classname="tests.test_connector" name="test_query_history_has_failures_and_query_ids" time="0.521" /></testsuite></testsuites>